======================================
   coolfs 0.1: tests/test-suite.log
======================================

# TOTAL: 3
# PASS:  3
# SKIP:  0
# XFAIL: 0
# FAIL:  0
# XPASS: 0
# ERROR: 0

.. contents:: :depth: 2

